// Jest Snapshot v1, https://goo.gl/fbAQLP

exports[`Component: SearchBar SearchBar renders correctly 1`] = `
<div>
  <input
    onChange={[Function]}
    value=""
  />
</div>
`;
