// Jest Snapshot v1, https://goo.gl/fbAQLP

exports[`Component: VideoList VideoList renders correctly 1`] = `
<ul
  className="col m4"
/>
`;
