// Jest Snapshot v1, https://goo.gl/fbAQLP

exports[`Component: VideoDetail VideoDetail renders correctly 1`] = `
<div>
  Loading...
</div>
`;
